[mighty-slider-644056.framer.app/index.html]
[backblue.gif]
[fade.gif]
[index.html]
[framerusercontent.com/sites/icons/default-favicon-light.v1.png]
[framerusercontent.com/sites/icons/default-favicon-dark.v1.png]
[framerusercontent.com/sites/icons/default-touch-icon.v3.png]
[framerusercontent.com/sites/4TqAJSQdtX8YjVSpwPMfq9/chunk-L5OYT25A.mjs]
[framerusercontent.com/sites/4TqAJSQdtX8YjVSpwPMfq9/chunk-JR5VT52U.mjs]
[framerusercontent.com/sites/4TqAJSQdtX8YjVSpwPMfq9/chunk-RIUMFBNJ.mjs]
[framerusercontent.com/sites/4TqAJSQdtX8YjVSpwPMfq9/Vzdz7tnUB_vqFdn7jCxE507Z1ZdWiHGA6LBzyDpxTjM.P2TIUK7G.mjs]
[framerusercontent.com/sites/4TqAJSQdtX8YjVSpwPMfq9/chunk-YAMWVKYW.mjs]
[framerusercontent.com/sites/4TqAJSQdtX8YjVSpwPMfq9/chunk-42U43NKG.mjs]
[framerusercontent.com/sites/4TqAJSQdtX8YjVSpwPMfq9/script_main.AJPFEKON.mjs]
[framerusercontent.com/images/3Nzyol6evWLTvi3thMUV5NJkDE8.png]
[framerusercontent.com/images/LndiQMzjPzCFmkFAGyNhqUO6Fkbf23.png]
[framerusercontent.com/images/AUDq4LhOBmD5h7YjcGex5ZoYHU.png]
[framerusercontent.com/images/OvbypFAE9CMt2enR08pZOezmo.png]
[framerusercontent.com/images/s1uyhrXMh9bgO5biFw6q42H8o.png]
[framerusercontent.com/images/XzQGnoC64feXOPYKyAftAPyONk.png]
[framerusercontent.com/images/QXEgVioqZBWTzU9uSXBLy9Jx0.png]
[framerusercontent.com/images/taoJGjmxZedVucLLNXga3jHhqvg.png]
[framerusercontent.com/images/otBOJbBZHnYtbYDGFYHSoHTgDc.png]
[mighty-slider-644056.framer.app/index.html]
[framerusercontent.com/images/mIXVmrh0M85UjeuFhxk72Uwsvw.svg]
[mighty-slider-644056.framer.app/[object Object].html]
[framerusercontent.com/images/R5gpTIJkwzx12i7SxLRz5rYYw.svg]
[framerusercontent.com/images/JuhJL9GDCp5sHPc53KiW9NfgS4.svg]
[framerusercontent.com/images/pVrb2XIFJwigJdTIbHB6zShVpGs.svg]
[framerusercontent.com/images/L0AyZcwv96BWH0ovUiOV803MA.svg]
[framerusercontent.com/images/GcOhlCxbMfsDq6zbuLh9UPkLuo0.svg]
[framerusercontent.com/images/bH3XcIVWVCDFck5SDQOhw7xVQQ.svg]
[framerusercontent.com/images/G1LnuhHzxuApSLi1vOYUemvGrHM.svg]
[framerusercontent.com/images/wsUsqWuDnyyubRBFnX3dkImhT0.svg]
[framerusercontent.com/images/7rerrnlQJcbtDw3LfusRaSqeWs.svg]
[framerusercontent.com/images/U9zLKEiEv29oGFWX65Utw7eTDWU.svg]
[framerusercontent.com/images/jP4InH4AidcWbSNOZYVLFb7ak.svg]
[framerusercontent.com/images/DUTJzQIPGLcrUzxxUU17AYp0g.svg]
[framerusercontent.com/images/TUTg52v65jDwSRMw9vMxfS6f0gE.svg]
[framerusercontent.com/images/w9rkejdswYl3RkuZUtBP2GUA9No.svg]
[framerusercontent.com/images/rCxyVJdX1WQxFnSAQVzmZ81kFQ.svg]
[framerusercontent.com/images/Opt8rXIhUxA68m3IlTYgAPH9idE.svg]
[framerusercontent.com/images/Ftv2Y7JE7wRw9Z51i5zaRSuc.svg]
